// Jest Snapshot v1, https://goo.gl/fbAQLP

exports[`should render Expense List Item with given expense 1`] = `
<div>
  <Link
    replace={false}
    to="/edit/1"
  >
    <h3>
      Gum
    </h3>
  </Link>
  <p>
    <span>
      â‚¹
    </span>
    1.95
    -
    January 1st, 1970
  </p>
</div>
`;
